ЁЯЧС  ╨г╨┤╨░╨╗╨╡╨╜╨░ ╤Б╤В╨░╤А╨░╤П ╨▒╨░╨╖╨░: C:\s21\projects\analysis_HVR\data\ecg.db
ЁЯУЛ ╨Я╨╛╤Б╤В╤А╨╛╨╡╨╜╨╕╨╡ ╤А╨░╤Б╨┐╨╕╤Б╨░╨╜╨╕╨╣...
   ╨б╨┐╨╛╤А╤В╤Б╨╝╨╡╨╜╨╛╨▓: 12 | ╨Ч╨░╨┐╨╕╤Б╨╡╨╣ ╨║ ╨│╨╡╨╜╨╡╤А╨░╤Ж╨╕╨╕: 3053

тЬЕ ╨б╨┐╨╛╤А╤В╤Б╨╝╨╡╨╜╨╛╨▓ ╤Б╨╛╤Е╤А╨░╨╜╨╡╨╜╨╛: 12
тЪЩя╕П  ╨У╨╡╨╜╨╡╤А╨░╤Ж╨╕╤П ╨н╨Ъ╨У |тЦИтЦСтЦСтЦСтЦСтЦСтЦСтЦСтЦСтЦСтЦСтЦСтЦСтЦСтЦСтЦСтЦСтЦСтЦСтЦСтЦСтЦСтЦСтЦСтЦСтЦСтЦСтЦСтЦСтЦС|   5.0% (152/3053) ╨Ш╨▓╨░╨╜╨╛╨▓ ╨б╨╡╤А╨│╨╡╨╣
тЪЩя╕П  ╨У╨╡╨╜╨╡╤А╨░╤Ж╨╕╤П ╨н╨Ъ╨У |тЦИтЦИтЦСтЦСтЦСтЦСтЦСтЦСтЦСтЦСтЦСтЦСтЦСтЦСтЦСтЦСтЦСтЦСтЦСтЦСтЦСтЦСтЦСтЦСтЦСтЦСтЦСтЦСтЦСтЦС|  10.0% (304/3053) ╨Ш╨▓╨░╨╜╨╛╨▓ ╨б╨╡╤А╨│╨╡╨╣
тЪЩя╕П  ╨У╨╡╨╜╨╡╤А╨░╤Ж╨╕╤П ╨н╨Ъ╨У |тЦИтЦИтЦИтЦИтЦСтЦСтЦСтЦСтЦСтЦСтЦСтЦСтЦСтЦСтЦСтЦСтЦСтЦСтЦСтЦСтЦСтЦСтЦСтЦСтЦСтЦСтЦСтЦСтЦСтЦС|  14.9% (456/3053) ╨Ш╨▓╨░╨╜╨╛╨▓ ╨б╨╡╤А╨│╨╡╨╣
тЪЩя╕П  ╨У╨╡╨╜╨╡╤А╨░╤Ж╨╕╤П ╨н╨Ъ╨У |тЦИтЦИтЦИтЦИтЦИтЦСтЦСтЦСтЦСтЦСтЦСтЦСтЦСтЦСтЦСтЦСтЦСтЦСтЦСтЦСтЦСтЦСтЦСтЦСтЦСтЦСтЦСтЦСтЦСтЦС|  19.9% (608/3053) ╨Ш╨▓╨░╨╜╨╛╨▓ ╨б╨╡╤А╨│╨╡╨╣
тЪЩя╕П  ╨У╨╡╨╜╨╡╤А╨░╤Ж╨╕╤П ╨н╨Ъ╨У |тЦИтЦИтЦИтЦИтЦИтЦИтЦИтЦСтЦСтЦСтЦСтЦСтЦСтЦСтЦСтЦСтЦСтЦСтЦСтЦСтЦСтЦСтЦСтЦСтЦСтЦСтЦСтЦСтЦСтЦС|  24.9% (760/3053) ╨Ш╨▓╨░╨╜╨╛╨▓ ╨б╨╡╤А╨│╨╡╨╣
тЪЩя╕П  ╨У╨╡╨╜╨╡╤А╨░╤Ж╨╕╤П ╨н╨Ъ╨У |тЦИтЦИтЦИтЦИтЦИтЦИтЦИтЦИтЦСтЦСтЦСтЦСтЦСтЦСтЦСтЦСтЦСтЦСтЦСтЦСтЦСтЦСтЦСтЦСтЦСтЦСтЦСтЦСтЦСтЦС|  29.9% (912/3053) ╨Ш╨▓╨░╨╜╨╛╨▓ ╨б╨╡╤А╨│╨╡╨╣
тЪЩя╕П  ╨У╨╡╨╜╨╡╤А╨░╤Ж╨╕╤П ╨н╨Ъ╨У |тЦИтЦИтЦИтЦИтЦИтЦИтЦИтЦИтЦИтЦИтЦСтЦСтЦСтЦСтЦСтЦСтЦСтЦСтЦСтЦСтЦСтЦСтЦСтЦСтЦСтЦСтЦСтЦСтЦСтЦС|  34.9% (1064/3053) ╨Т╨╕╤В╨░╨╗╨╕╨╡╨▓╨░ ╨Т╨╕╨║╤В╨╛╤А╨╕╤П
тЪЩя╕П  ╨У╨╡╨╜╨╡╤А╨░╤Ж╨╕╤П ╨н╨Ъ╨У |тЦИтЦИтЦИтЦИтЦИтЦИтЦИтЦИтЦИтЦИтЦИтЦСтЦСтЦСтЦСтЦСтЦСтЦСтЦСтЦСтЦСтЦСтЦСтЦСтЦСтЦСтЦСтЦСтЦСтЦС|  39.8% (1216/3053) ╨Т╨╕╤В╨░╨╗╨╕╨╡╨▓╨░ ╨Т╨╕╨║╤В╨╛╤А╨╕╤П
тЪЩя╕П  ╨У╨╡╨╜╨╡╤А╨░╤Ж╨╕╤П ╨н╨Ъ╨У |тЦИтЦИтЦИтЦИтЦИтЦИтЦИтЦИтЦИтЦИтЦИтЦИтЦИтЦСтЦСтЦСтЦСтЦСтЦСтЦСтЦСтЦСтЦСтЦСтЦСтЦСтЦСтЦСтЦСтЦС|  44.8% (1368/3053) ╨Т╨╕╤В╨░╨╗╨╕╨╡╨▓╨░ ╨Т╨╕╨║╤В╨╛╤А╨╕╤П
тЪЩя╕П  ╨У╨╡╨╜╨╡╤А╨░╤Ж╨╕╤П ╨н╨Ъ╨У |тЦИтЦИтЦИтЦИтЦИтЦИтЦИтЦИтЦИтЦИтЦИтЦИтЦИтЦИтЦСтЦСтЦСтЦСтЦСтЦСтЦСтЦСтЦСтЦСтЦСтЦСтЦСтЦСтЦСтЦС|  49.8% (1520/3053) ╨Т╨╕╤В╨░╨╗╨╕╨╡╨▓╨░ ╨Т╨╕╨║╤В╨╛╤А╨╕╤П
тЪЩя╕П  ╨У╨╡╨╜╨╡╤А╨░╤Ж╨╕╤П ╨н╨Ъ╨У |тЦИтЦИтЦИтЦИтЦИтЦИтЦИтЦИтЦИтЦИтЦИтЦИтЦИтЦИтЦИтЦИтЦСтЦСтЦСтЦСтЦСтЦСтЦСтЦСтЦСтЦСтЦСтЦСтЦСтЦС|  54.8% (1672/3053) ╨Т╨╕╤В╨░╨╗╨╕╨╡╨▓╨░ ╨Т╨╕╨║╤В╨╛╤А╨╕╤П
тЪЩя╕П  ╨У╨╡╨╜╨╡╤А╨░╤Ж╨╕╤П ╨н╨Ъ╨У |тЦИтЦИтЦИтЦИтЦИтЦИтЦИтЦИтЦИтЦИтЦИтЦИтЦИтЦИтЦИтЦИтЦИтЦСтЦСтЦСтЦСтЦСтЦСтЦСтЦСтЦСтЦСтЦСтЦСтЦС|  59.7% (1824/3053) ╨Т╨╕╤В╨░╨╗╨╕╨╡╨▓╨░ ╨Т╨╕╨║╤В╨╛╤А╨╕╤П
тЪЩя╕П  ╨У╨╡╨╜╨╡╤А╨░╤Ж╨╕╤П ╨н╨Ъ╨У |тЦИтЦИтЦИтЦИтЦИтЦИтЦИтЦИтЦИтЦИтЦИтЦИтЦИтЦИтЦИтЦИтЦИтЦИтЦИтЦСтЦСтЦСтЦСтЦСтЦСтЦСтЦСтЦСтЦСтЦС|  64.7% (1976/3053) ╨Т╨╕╤В╨░╨╗╨╕╨╡╨▓╨░ ╨Т╨╕╨║╤В╨╛╤А╨╕╤П
тЪЩя╕П  ╨У╨╡╨╜╨╡╤А╨░╤Ж╨╕╤П ╨н╨Ъ╨У |тЦИтЦИтЦИтЦИтЦИтЦИтЦИтЦИтЦИтЦИтЦИтЦИтЦИтЦИтЦИтЦИтЦИтЦИтЦИтЦИтЦСтЦСтЦСтЦСтЦСтЦСтЦСтЦСтЦСтЦС|  69.7% (2128/3053) ╨С╨╛╨│╨┤╨░╨╜╨╛╨▓╨░ ╨Ъ╤Б╨╡╨╜╨╕╤П
тЪЩя╕П  ╨У╨╡╨╜╨╡╤А╨░╤Ж╨╕╤П ╨н╨Ъ╨У |тЦИтЦИтЦИтЦИтЦИтЦИтЦИтЦИтЦИтЦИтЦИтЦИтЦИтЦИтЦИтЦИтЦИтЦИтЦИтЦИтЦИтЦИтЦСтЦСтЦСтЦСтЦСтЦСтЦСтЦС|  74.7% (2280/3053) ╨Р╨╜╨┤╤А╨╡╨╡╨▓╨░ ╨Ь╨╕╨╗╨░╨╜╨░
тЪЩя╕П  ╨У╨╡╨╜╨╡╤А╨░╤Ж╨╕╤П ╨н╨Ъ╨У |тЦИтЦИтЦИтЦИтЦИтЦИтЦИтЦИтЦИтЦИтЦИтЦИтЦИтЦИтЦИтЦИтЦИтЦИтЦИтЦИтЦИтЦИтЦИтЦСтЦСтЦСтЦСтЦСтЦСтЦС|  79.7% (2432/3053) ╨Р╤А╤В╨╡╨╝╨╛╨▓ ╨Х╨│╨╛╤А
тЪЩя╕П  ╨У╨╡╨╜╨╡╤А╨░╤Ж╨╕╤П ╨н╨Ъ╨У |тЦИтЦИтЦИтЦИтЦИтЦИтЦИтЦИтЦИтЦИтЦИтЦИтЦИтЦИтЦИтЦИтЦИтЦИтЦИтЦИтЦИтЦИтЦИтЦИтЦИтЦСтЦСтЦСтЦСтЦС|  84.6% (2584/3053) ╨Ф╨░╨╝╨╕╤А╨╛╨▓ ╨Ь╨░╤А╨░╤В
